path,files,loc,words,files_with_kw,files_with_tests/data/keywords/fp_types.json,files_with_tests/data/keywords/fp_transcendental.json,files_with_tests/data/keywords/fp_others.json,files_with_tests/data/keywords/std_math.json,loc_with_kw,loc_of_files_with_tests/data/keywords/fp_types.json,loc_of_files_with_tests/data/keywords/fp_transcendental.json,loc_of_files_with_tests/data/keywords/fp_others.json,loc_of_files_with_tests/data/keywords/std_math.json,words_with_kw,words_of_files_with_tests/data/keywords/fp_types.json,words_of_files_with_tests/data/keywords/fp_transcendental.json,words_of_files_with_tests/data/keywords/fp_others.json,words_of_files_with_tests/data/keywords/std_math.json,tests/data/keywords/fp_types.json,tests/data/keywords/fp_transcendental.json,tests/data/keywords/fp_others.json,tests/data/keywords/std_math.json
tests/data/phases/download/local_repo,3,101,362,2,1,1,1,2,27,21,6,21,27,76,60,16,60,76,1,1,5,3
